cargo :     Checking micro
scope-memory v0.6.0 (D:\mi
croscope-memory-standalone
)
At line:1 char:1
+ cargo check --tests 2> e
rrors.txt
+ ~~~~~~~~~~~~~~~~~~~~~~~~
~~~~~~~~~
    + CategoryInfo        
      : NotSpecified: (   
     Checking mi...ory-   
 standalone):String) [    
], RemoteException
    + FullyQualifiedError 
   Id : NativeCommandErr  
  or
 
error[E0433]: failed to re
solve: use of unresolved m
odule or unlinked crate `t
empfile`
 --> tests\integration.rs:
9:15
  |
9 |     let tmp = tempfile
::tempdir().expect("create
 temp dir");
  |               ^^^^^^^^
 use of unresolved module 
or unlinked crate `tempfil
e`
  |
  = help: if you wanted to
 use a crate named `tempfi
le`, use `cargo add tempfi
le` to add it to your `Car
go.toml`

error[E0433]: failed to re
solve: use of unresolved m
odule or unlinked crate `t
empfile`
 --> tests\integration.rs:
8:25
  |
8 | fn setup_test_env() ->
 (tempfile::TempDir, micro
scope_memory::config::Conf
ig) {
  |                       
  ^^^^^^^^ use of unresolv
ed module or unlinked crat
e `tempfile`
  |
  = help: if you wanted to
 use a crate named `tempfi
le`, use `cargo add tempfi
le` to add it to your `Car
go.toml`

For more information about
 this error, try `rustc --
explain E0433`.
error: could not compile `
microscope-memory` (test "
integration") due to 2 pre
vious errors
warning: build failed, wai
ting for other jobs to fin
ish...
error[E0433]: failed to re
solve: use of unresolved m
odule or unlinked crate `t
empfile`
   --> src\archetype.rs:53
8:19
    |
538 |         let tmp = te
mpfile::tempdir().expect("
create temp dir");
    |                   ^^
^^^^^^ use of unresolved m
odule or unlinked crate `t
empfile`
    |
    = help: if you wanted 
to use a crate named `temp
file`, use `cargo add temp
file` to add it to your `C
argo.toml`

error[E0433]: failed to re
solve: use of unresolved m
odule or unlinked crate `t
empfile`
   --> src\attention.rs:53
2:19
    |
532 |         let dir = te
mpfile::tempdir().unwrap()
;
    |                   ^^
^^^^^^ use of unresolved m
odule or unlinked crate `t
empfile`
    |
    = help: if you wanted 
to use a crate named `temp
file`, use `cargo add temp
file` to add it to your `C
argo.toml`

error[E0433]: failed to re
solve: use of unresolved m
odule or unlinked crate `t
empfile`
   --> src\fingerprint.rs:
490:19
    |
490 |         let tmp = te
mpfile::tempdir().expect("
create temp dir");
    |                   ^^
^^^^^^ use of unresolved m
odule or unlinked crate `t
empfile`
    |
    = help: if you wanted 
to use a crate named `temp
file`, use `cargo add temp
file` to add it to your `C
argo.toml`

error[E0433]: failed to re
solve: use of unresolved m
odule or unlinked crate `t
empfile`
   --> src\hebbian.rs:605:
19
    |
605 |         let tmp = te
mpfile::tempdir().expect("
create temp dir");
    |                   ^^
^^^^^^ use of unresolved m
odule or unlinked crate `t
empfile`
    |
    = help: if you wanted 
to use a crate named `temp
file`, use `cargo add temp
file` to add it to your `C
argo.toml`

error[E0433]: failed to re
solve: use of unresolved m
odule or unlinked crate `t
empfile`
   --> src\mirror.rs:442:1
9
    |
442 |         let tmp = te
mpfile::tempdir().expect("
create temp dir");
    |                   ^^
^^^^^^ use of unresolved m
odule or unlinked crate `t
empfile`
    |
    = help: if you wanted 
to use a crate named `temp
file`, use `cargo add temp
file` to add it to your `C
argo.toml`

error[E0433]: failed to re
solve: use of unresolved m
odule or unlinked crate `t
empfile`
   --> src\resonance.rs:74
5:19
    |
745 |         let tmp = te
mpfile::tempdir().expect("
create temp dir");
    |                   ^^
^^^^^^ use of unresolved m
odule or unlinked crate `t
empfile`
    |
    = help: if you wanted 
to use a crate named `temp
file`, use `cargo add temp
file` to add it to your `C
argo.toml`

error[E0433]: failed to re
solve: use of unresolved m
odule or unlinked crate `t
empfile`
   --> src\dream.rs:331:19
    |
331 |         let tmp = te
mpfile::tempdir().expect("
tempdir");
    |                   ^^
^^^^^^ use of unresolved m
odule or unlinked crate `t
empfile`
    |
    = help: if you wanted 
to use a crate named `temp
file`, use `cargo add temp
file` to add it to your `C
argo.toml`

error[E0433]: failed to re
solve: use of unresolved m
odule or unlinked crate `t
empfile`
   --> src\dream.rs:369:19
    |
369 |         let tmp = te
mpfile::tempdir().expect("
tempdir");
    |                   ^^
^^^^^^ use of unresolved m
odule or unlinked crate `t
empfile`
    |
    = help: if you wanted 
to use a crate named `temp
file`, use `cargo add temp
file` to add it to your `C
argo.toml`

error[E0433]: failed to re
solve: use of unresolved m
odule or unlinked crate `t
empfile`
   --> src\dream.rs:416:19
    |
416 |         let tmp = te
mpfile::tempdir().expect("
tempdir");
    |                   ^^
^^^^^^ use of unresolved m
odule or unlinked crate `t
empfile`
    |
    = help: if you wanted 
to use a crate named `temp
file`, use `cargo add temp
file` to add it to your `C
argo.toml`

error[E0433]: failed to re
solve: use of unresolved m
odule or unlinked crate `t
empfile`
   --> src\dream.rs:464:19
    |
464 |         let tmp = te
mpfile::tempdir().expect("
tempdir");
    |                   ^^
^^^^^^ use of unresolved m
odule or unlinked crate `t
empfile`
    |
    = help: if you wanted 
to use a crate named `temp
file`, use `cargo add temp
file` to add it to your `C
argo.toml`

error[E0433]: failed to re
solve: use of unresolved m
odule or unlinked crate `t
empfile`
   --> src\dream.rs:500:19
    |
500 |         let tmp = te
mpfile::tempdir().expect("
tempdir");
    |                   ^^
^^^^^^ use of unresolved m
odule or unlinked crate `t
empfile`
    |
    = help: if you wanted 
to use a crate named `temp
file`, use `cargo add temp
file` to add it to your `C
argo.toml`

error[E0433]: failed to re
solve: use of unresolved m
odule or unlinked crate `t
empfile`
   --> src\emotional_conta
gion.rs:594:19
    |
594 |         let tmp = te
mpfile::tempdir().expect("
tempdir");
    |                   ^^
^^^^^^ use of unresolved m
odule or unlinked crate `t
empfile`
    |
    = help: if you wanted 
to use a crate named `temp
file`, use `cargo add temp
file` to add it to your `C
argo.toml`

error[E0433]: failed to re
solve: use of unresolved m
odule or unlinked crate `t
empfile`
   --> src\multimodal.rs:7
54:19
    |
754 |         let tmp = te
mpfile::tempdir().expect("
tempdir");
    |                   ^^
^^^^^^ use of unresolved m
odule or unlinked crate `t
empfile`
    |
    = help: if you wanted 
to use a crate named `temp
file`, use `cargo add temp
file` to add it to your `C
argo.toml`

error[E0433]: failed to re
solve: use of unresolved m
odule or unlinked crate `t
empfile`
   --> src\predictive_cach
e.rs:651:19
    |
651 |         let dir = te
mpfile::tempdir().unwrap()
;
    |                   ^^
^^^^^^ use of unresolved m
odule or unlinked crate `t
empfile`
    |
    = help: if you wanted 
to use a crate named `temp
file`, use `cargo add temp
file` to add it to your `C
argo.toml`

error[E0433]: failed to re
solve: use of unresolved m
odule or unlinked crate `t
empfile`
   --> src\temporal_archet
ype.rs:345:19
    |
345 |         let dir = te
mpfile::tempdir().unwrap()
;
    |                   ^^
^^^^^^ use of unresolved m
odule or unlinked crate `t
empfile`
    |
    = help: if you wanted 
to use a crate named `temp
file`, use `cargo add temp
file` to add it to your `C
argo.toml`

error[E0433]: failed to re
solve: use of unresolved m
odule or unlinked crate `t
empfile`
   --> src\thought_graph.r
s:911:19
    |
911 |         let dir = te
mpfile::tempdir().unwrap()
;
    |                   ^^
^^^^^^ use of unresolved m
odule or unlinked crate `t
empfile`
    |
    = help: if you wanted 
to use a crate named `temp
file`, use `cargo add temp
file` to add it to your `C
argo.toml`

error: could not compile `
microscope-memory` (lib te
st) due to 16 previous err
ors
